WARNING: redefinition of constant Main.SYS_MAP. This may fail, cause incorrect answers, or produce other errors.
WARNING: redefinition of constant Main.BIN_OPS. This may fail, cause incorrect answers, or produce other errors.
WARNING: redefinition of constant Main.UN_OPS. This may fail, cause incorrect answers, or produce other errors.
WARNING: redefinition of constant Main.FEYNMAN_EQNS. This may fail, cause incorrect answers, or produce other errors.
WARNING: redefinition of constant Main.SYS_MAP. This may fail, cause incorrect answers, or produce other errors.
WARNING: redefinition of constant Main.BIN_OPS. This may fail, cause incorrect answers, or produce other errors.
WARNING: redefinition of constant Main.UN_OPS. This may fail, cause incorrect answers, or produce other errors.
WARNING: redefinition of constant Main.FEYNMAN_EQNS. This may fail, cause incorrect answers, or produce other errors.
WARNING: redefinition of constant Main.SYS_MAP. This may fail, cause incorrect answers, or produce other errors.
WARNING: redefinition of constant Main.BIN_OPS. This may fail, cause incorrect answers, or produce other errors.
WARNING: redefinition of constant Main.UN_OPS. This may fail, cause incorrect answers, or produce other errors.
WARNING: redefinition of constant Main.FEYNMAN_EQNS. This may fail, cause incorrect answers, or produce other errors.
WARNING: redefinition of constant Main.SYS_MAP. This may fail, cause incorrect answers, or produce other errors.
WARNING: redefinition of constant Main.BIN_OPS. This may fail, cause incorrect answers, or produce other errors.
WARNING: redefinition of constant Main.UN_OPS. This may fail, cause incorrect answers, or produce other errors.
WARNING: redefinition of constant Main.FEYNMAN_EQNS. This may fail, cause incorrect answers, or produce other errors.
    Updating registry at `~/.julia/registries/General.toml`
    Updating `~/-space/jl/physics_discovery/animations/Project.toml`
  [13f3f980] + CairoMakie v0.15.11
  [b964fa9f] + LaTeXStrings v1.4.0
  [10745b16] + Statistics v1.11.1
  [37e2e46d] ~ LinearAlgebra ⇒ v1.11.0
  [9a3f8284] ~ Random ⇒ v1.11.0
    Updating `~/-space/jl/physics_discovery/animations/Manifest.toml`
  [621f4979] + AbstractFFTs v1.5.0
  [1520ce14] + AbstractTrees v0.4.5
  [79e6a3ab] + Adapt v4.6.0
  [35492f91] + AdaptivePredicates v1.2.0
  [66dad0bd] + AliasTables v1.1.3
  [27a7e980] + Animations v0.4.2
  [67c07d97] + Automa v1.1.0
  [13072b0f] + AxisAlgorithms v1.1.0
  [39de3d68] + AxisArrays v0.4.8
  [18cc8868] + BaseDirs v1.3.2
  [fa961155] + CEnum v0.5.0
  [96374032] + CRlibm v1.0.2
  [159f3aea] + Cairo v1.1.1
  [13f3f980] + CairoMakie v0.15.11
  [d360d2e6] + ChainRulesCore v1.26.1
  [6b39b394] + CodecZstd v0.8.7
  [a2cac450] + ColorBrewer v0.4.2
  [35d6a980] + ColorSchemes v3.31.0
  [3da002f7] + ColorTypes v0.12.1
  [c3611d14] + ColorVectorSpace v0.11.0
  [5ae59095] + Colors v0.13.1
  [34da2185] + Compat v4.18.1
  [95dc2771] + ComputePipeline v0.1.8
  [187b0558] + ConstructionBase v1.6.0
  [d38c429a] + Contour v0.6.3
  [b7a15901] + CoreMath v0.1.0
  [9a962f9c] + DataAPI v1.16.0
  [864edb3b] + DataStructures v0.19.5
  [e2d170a0] + DataValueInterfaces v1.0.0
  [927a84f5] + DelaunayTriangulation v1.6.6
  [31c24e10] + Distributions v0.25.126
  [ffbed154] + DocStringExtensions v0.9.5
  [4e289a0a] + EnumX v1.0.7
  [429591f6] + ExactPredicates v2.2.9
  [411431e0] + Extents v0.1.6
  [b86e33f2] + FFTA v0.3.1
  [5789e2e9] + FileIO v1.19.0
  [8fc22ac5] + FilePaths v0.9.0
  [48062228] + FilePathsBase v0.9.24
  [1a297f60] + FillArrays v1.16.0
⌅ [53c48c17] + FixedPointNumbers v0.8.6
  [1fa38f19] + Format v1.3.7
  [b38be410] + FreeType v4.1.1
  [663a7486] + FreeTypeAbstraction v0.10.8
  [5c1252a2] + GeometryBasics v0.5.10
  [a2bd30eb] + Graphics v1.1.3
  [3955a311] + GridLayoutBase v0.11.2
  [34004b35] + HypergeometricFunctions v0.3.28
  [2803e5a7] + ImageAxes v0.6.12
  [c817782e] + ImageBase v0.1.7
  [a09fc81d] + ImageCore v0.10.5
  [82e4d734] + ImageIO v0.6.9
  [bc367c6b] + ImageMetadata v0.9.10
  [9b13fd28] + IndirectArrays v1.0.0
  [d25df0c9] + Inflate v0.1.5
  [18e54dd8] + IntegerMathUtils v0.1.3
  [a98d9a8b] + Interpolations v0.16.2
  [d1acc4aa] + IntervalArithmetic v1.0.9
  [8197267c] + IntervalSets v0.7.14
  [3587e190] + InverseFunctions v0.1.17
  [92d709cd] + IrrationalConstants v0.2.6
  [f1662d9f] + Isoband v0.1.1
  [c8e1da08] + IterTools v1.10.0
  [82899510] + IteratorInterfaceExtensions v1.0.0
  [692b3bcd] + JLLWrappers v1.8.0
  [682c06a0] + JSON v1.6.1
  [b835a17e] + JpegTurbo v0.1.6
  [5ab0869b] + KernelDensity v0.6.12
  [b964fa9f] + LaTeXStrings v1.4.0
  [8cdb02fc] + LazyModules v0.3.1
⌅ [2ab3a3ac] + LogExpFunctions v0.3.29
  [1914dd2f] + MacroTools v0.5.16
  [ee78f7c6] + Makie v0.24.11
  [dbb5928d] + MappedArrays v0.4.3
  [0a4f8689] + MathTeXEngine v0.6.9
  [e1d29d7a] + Missings v1.2.0
  [e94cdb99] + MosaicViews v0.3.4
  [46d2c3a1] + MuladdMacro v0.2.4
  [77ba4419] + NaNMath v1.1.3
  [f09324ee] + Netpbm v1.1.1
  [510215fc] + Observables v0.5.5
  [6fe1bfb0] + OffsetArrays v1.17.0
  [52e1d378] + OpenEXR v0.3.3
⌅ [bac558e1] + OrderedCollections v1.8.2
  [90014a1f] + PDMats v0.11.37
  [f57f5aa1] + PNGFiles v0.4.5
  [19eb6ba3] + Packing v0.5.1
  [5432bcbf] + PaddedViews v0.5.12
  [69de0a69] + Parsers v2.8.5
  [eebad327] + PkgVersion v0.3.3
  [995b91a9] + PlotUtils v1.4.4
  [647866c9] + PolygonOps v0.1.2
⌅ [aea7be01] + PrecompileTools v1.2.1
  [21216c6a] + Preferences v1.5.2
  [27ebfcd6] + Primes v0.5.7
  [92933f4c] + ProgressMeter v1.11.0
  [43287f4e] + PtrArrays v1.4.0
  [4b34888f] + QOI v1.0.2
  [1fd47b50] + QuadGK v2.11.3
  [b3c3ace0] + RangeArrays v0.3.2
  [c84ed2f1] + Ratios v0.4.5
  [189a3867] + Reexport v1.2.2
  [05181044] + RelocatableFolders v1.0.1
  [ae029012] + Requires v1.3.1
  [79098fc4] + Rmath v0.9.0
  [5eaf0fd0] + RoundingEmulator v0.2.1
  [fdea26ae] + SIMD v3.7.2
  [6c6a2e73] + Scratch v1.3.0
  [65257c39] + ShaderAbstractions v0.5.0
  [73760f76] + SignedDistanceFields v0.4.1
  [699a6c99] + SimpleTraits v0.9.6
  [45858cf5] + Sixel v0.1.5
  [a2af1166] + SortingAlgorithms v1.2.2
  [276daf66] + SpecialFunctions v2.8.0
  [860ef19b] + StableRNGs v1.0.4
  [cae243ae] + StackViews v0.1.2
  [90137ffa] + StaticArrays v1.9.18
  [1e83bf80] + StaticArraysCore v1.4.4
  [10745b16] + Statistics v1.11.1
  [82ae8749] + StatsAPI v1.8.0
  [2913bbd2] + StatsBase v0.34.11
⌅ [4c63d2b9] + StatsFuns v1.5.2
  [09ab397b] + StructArrays v0.7.3
  [ec057cc2] + StructUtils v2.8.2
  [3783bdb8] + TableTraits v1.0.1
  [bd369af6] + Tables v1.12.1
  [62fd8b95] + TensorCore v0.1.1
  [731e570b] + TiffImages v0.11.9
  [3bb67fe8] + TranscodingStreams v0.11.3
  [981d1d27] + TriplotBase v0.1.0
  [1cfade01] + UnicodeFun v0.4.1
  [1986cc42] + Unitful v1.28.0
  [e3aaa7dc] + WebP v0.1.3
  [efce3f68] + WoodburyMatrices v1.1.0
  [6e34b625] + Bzip2_jll v1.0.9+0
  [4e9b3aee] + CRlibm_jll v1.0.1+0
  [83423d85] + Cairo_jll v1.18.7+0
  [a38c48d9] + CoreMath_jll v0.1.0+0
  [5ae413db] + EarCut_jll v2.2.4+0
  [2e619515] + Expat_jll v2.8.1+0
  [b22a6f82] + FFMPEG_jll v8.1.0+0
  [a3f928ae] + Fontconfig_jll v2.17.1+0
  [d7e528f0] + FreeType2_jll v2.14.3+1
  [559328eb] + FriBidi_jll v1.0.17+0
⌅ [b0724c58] + GettextRuntime_jll v0.22.4+0
  [59f7168a] + Giflib_jll v5.2.3+0
  [7746bdde] + Glib_jll v2.86.3+0
  [3b182d85] + Graphite2_jll v1.3.15+0
  [2e76f6c2] + HarfBuzz_jll v8.5.1+0
  [905a6f67] + Imath_jll v3.2.2+0
  [aacddb02] + JpegTurbo_jll v3.1.5+0
  [c1c5ebd0] + LAME_jll v3.100.3+0
  [88015f11] + LERC_jll v4.1.0+0
  [1d63c593] + LLVMOpenMP_jll v18.1.8+0
⌅ [e9f186c6] + Libffi_jll v3.4.7+0
  [7e76a0d4] + Libglvnd_jll v1.7.1+1
  [94ce4f54] + Libiconv_jll v1.18.0+0
  [4b2f31a3] + Libmount_jll v2.42.0+0
  [89763e89] + Libtiff_jll v4.7.2+0
  [38a345b3] + Libuuid_jll v2.42.0+0
  [e7412a2a] + Ogg_jll v1.3.6+0
  [6cdc7f73] + OpenBLASConsistentFPCSR_jll v0.3.33+0
  [18a262bb] + OpenEXR_jll v3.4.12+0
  [458c3c95] + OpenSSL_jll v3.5.6+0
  [efe28fd5] + OpenSpecFun_jll v0.5.6+0
  [91d4177d] + Opus_jll v1.6.1+0
  [36c8627f] + Pango_jll v1.57.1+0
  [30392449] + Pixman_jll v0.46.4+0
  [f50d1b31] + Rmath_jll v0.5.1+0
  [ffd25f8a] + XZ_jll v5.8.3+0
  [4f6342f7] + Xorg_libX11_jll v1.8.13+0
  [0c0b7dd1] + Xorg_libXau_jll v1.0.13+0
  [a3789734] + Xorg_libXdmcp_jll v1.1.6+0
  [1082639a] + Xorg_libXext_jll v1.3.8+0
  [d091e8ba] + Xorg_libXfixes_jll v6.0.2+0
  [ea2f1a96] + Xorg_libXrender_jll v0.9.12+0
  [a65dc6b1] + Xorg_libpciaccess_jll v0.19.0+0
  [c7cfdc94] + Xorg_libxcb_jll v1.17.1+0
  [c5fb5394] + Xorg_xtrans_jll v1.6.0+0
  [3161d3a3] + Zstd_jll v1.5.7+1
  [9a68df92] + isoband_jll v0.2.3+0
  [a4ae2306] + libaom_jll v3.13.3+0
  [0ac62f75] + libass_jll v0.17.4+0
  [8e53e030] + libdrm_jll v2.4.125+1
  [f638f0a6] + libfdk_aac_jll v2.0.4+0
  [b53b4c65] + libpng_jll v1.6.58+0
  [075b6546] + libsixel_jll v1.10.5+0
  [9a156e7d] + libva_jll v2.23.0+0
  [f27f6e37] + libvorbis_jll v1.3.8+0
  [c5f90fcd] + libwebp_jll v1.6.0+0
⌅ [1270edf5] + x264_jll v10164.0.1+0
  [dfaa095f] + x265_jll v4.1.0+0
  [0dad84c5] + ArgTools v1.1.2
  [56f22d72] + Artifacts v1.11.0
  [2a0f44e3] + Base64 v1.11.0
  [8bf52ea8] + CRC32c v1.11.0
  [ade2ca70] + Dates v1.11.0
  [8ba89e20] + Distributed v1.11.0
  [f43a241f] + Downloads v1.6.0
  [7b1f6079] + FileWatching v1.11.0
  [b77e0a4c] + InteractiveUtils v1.11.0
  [b27032c2] + LibCURL v0.6.4
  [76f85450] + LibGit2 v1.11.0
  [8f399da3] + Libdl v1.11.0
  [37e2e46d] + LinearAlgebra v1.11.0
  [56ddb016] + Logging v1.11.0
  [d6f4376e] + Markdown v1.11.0
  [a63ad114] + Mmap v1.11.0
  [ca575930] + NetworkOptions v1.2.0
  [44cfe95a] + Pkg v1.11.0
  [de0858da] + Printf v1.11.0
  [3fa0cd96] + REPL v1.11.0
  [9a3f8284] + Random v1.11.0
  [ea8e919c] + SHA v0.7.0
  [9e88b42a] + Serialization v1.11.0
  [1a1011a3] + SharedArrays v1.11.0
  [6462fe0b] + Sockets v1.11.0
  [2f01184e] + SparseArrays v1.11.0
  [f489334b] + StyledStrings v1.11.0
  [4607b0f0] + SuiteSparse
  [fa267f1f] + TOML v1.0.3
  [a4e569a6] + Tar v1.10.0
  [cf7118a7] + UUIDs v1.11.0
  [4ec0a83e] + Unicode v1.11.0
  [e66e0078] + CompilerSupportLibraries_jll v1.1.1+0
  [deac9b47] + LibCURL_jll v8.6.0+0
  [e37daf67] + LibGit2_jll v1.7.2+0
  [29816b5a] + LibSSH2_jll v1.11.0+1
  [c8ffd9c3] + MbedTLS_jll v2.28.6+0
  [14a3606d] + MozillaCACerts_jll v2023.12.12
  [4536629a] + OpenBLAS_jll v0.3.27+1
  [05823500] + OpenLibm_jll v0.8.5+0
  [efcefdf7] + PCRE2_jll v10.42.0+1
  [bea87d4a] + SuiteSparse_jll v7.7.0+0
  [83775a58] + Zlib_jll v1.2.13+1
  [8e850b90] + libblastrampoline_jll v5.11.0+0
  [8e850ede] + nghttp2_jll v1.59.0+0
  [3f19e933] + p7zip_jll v17.4.0+2
        Info Packages marked with ⌅ have new versions available but compatibility constraints restrict them from upgrading. To see why use `status --outdated -m`
ERROR: LoadError: Failed to resolve arg1:
[ComputeEdge] arg1 = compute_identity((linesgments_shifted, ), changed, cached)
  @ /Users/parthbhargava/.julia/packages/ComputePipeline/E2l50/src/ComputePipeline.jl:743
[ComputeEdge] linesgments_shifted = (::MapFunctionWrapper(#2995))((linesegments, lineindices, preprojection, model_f32c, positions_transformed_f32c, model_clip_planes, space, ), changed, cached)
  @ unknown method location
[ComputeEdge] glyphcollections, glyphindices, font_per_char, glyph_origins, glyph_extents, text_blocks, text_color, text_rotation, text_scales, text_strokewidth, text_strokecolor, linesegments, linewidths, linecolors, lineindices = #2973((input_text, fontsize, selected_font, align, rotation, justification, lineheight, word_wrap_width, offset, fonts, computed_color, strokecolor, strokewidth, ), changed, cached)
  @ /Users/parthbhargava/.julia/packages/Makie/WKgwk/src/basic_recipes/text.jl:323
  with edge inputs:
    input_text = LaTeXStrings.LaTeXString[L"\rho = $(round(ρ_p;digits=3))"]
    fontsize = 18.0f0
    selected_font = FTFont (family = TeX Gyre Heros Makie, style = Regular)
    align = (:left, :bottom)
    rotation = 1.0 + 0.0im + 0.0jm + 0.0km
    justification = Makie.Automatic()
    lineheight = 1.0
    word_wrap_width = -1
    offset = Float32[0.0, 0.0, 0.0]
    fonts = Attributes()
    computed_color = RGBA{Float32}(0.8, 0.8, 0.3, 1.0)
    strokecolor = RGBA{Float32}(0.0, 0.0, 0.0, 0.0)
    strokewidth = 0.0f0
Triggered by update of:
  alpha, strokecolor, position, colormap, colorscale, text, fonts, highclip, word_wrap_width, justification, font, align, nan_color, strokewidth, rotation, arg1, lineheight, colorrange, offset, color, fontsize, arg2 or lowclip
Due to ERROR: TeXParseError: unexpected end of input
at position 29 (string index 28)
\rho = $(round(ρ_p;digits=3))
                           ^
Stack
[3] TeXExpr :inline_math
├─ TeXExpr :delimiter '('
├─ TeXExpr :char 'r'
├─ TeXExpr :char 'o'
├─ TeXExpr :char 'u'
├─ TeXExpr :char 'n'
├─ TeXExpr :char 'd'
├─ TeXExpr :delimiter '('
├─ TeXExpr :decorated
│  ├─ TeXExpr :symbol 'ρ'
│  ├─ TeXExpr :char 'p'
│  └─ nothing
├─ TeXExpr :punctuation ';'
├─ TeXExpr :char 'd'
├─ TeXExpr :char 'i'
├─ TeXExpr :char 'g'
├─ TeXExpr :char 'i'
├─ TeXExpr :char 't'
├─ TeXExpr :char 's'
├─ TeXExpr :spaced
│  └─ TeXExpr :symbol '='
├─ TeXExpr :digit '3'
├─ TeXExpr :delimiter ')'
└─ TeXExpr :delimiter ')'
[2] TeXExpr :line
├─ TeXExpr :symbol 'ρ'
├─ TeXExpr :char ' '
├─ TeXExpr :spaced
│  └─ TeXExpr :symbol '='
└─ TeXExpr :char ' '
[1] TeXExpr :lines

TeX expression tokenized as
index : token_type [length]
1 : command [4]
5 : char [1]
6 : char [1]
7 : char [1]
8 : dollar [1]
9 : char [1]
10 : char [1]
11 : char [1]
12 : char [1]
13 : char [1]
14 : char [1]
15 : char [1]
16 : char [1]
17 : char [1]
18 : underscore [1]
19 : char [1]
20 : char [1]
21 : char [1]
22 : char [1]
23 : char [1]
24 : char [1]
25 : char [1]
26 : char [1]
27 : char [1]
28 : char [1]
29 : char [1]
30 : char [1]


Stacktrace:
  [1] texparse(tex::LaTeXStrings.LaTeXString; root::MathTeXEngine.TeXExpr, showdebug::Bool)
    @ MathTeXEngine ~/.julia/packages/MathTeXEngine/Zd227/src/parser/parser.jl:251
  [2] texparse
    @ ~/.julia/packages/MathTeXEngine/Zd227/src/parser/parser.jl:138 [inlined]
  [3] generate_tex_elements(str::LaTeXStrings.LaTeXString, font_family::MathTeXEngine.FontFamily)
    @ MathTeXEngine ~/.julia/packages/MathTeXEngine/Zd227/src/engine/layout.jl:890
  [4] generate_tex_elements
    @ ~/.julia/packages/MathTeXEngine/Zd227/src/engine/layout.jl:890 [inlined]
  [5] texelems_and_glyph_collection(str::LaTeXStrings.LaTeXString, fontscale_px::Float32, align::Tuple{Symbol, Symbol}, rotation::Quaternion{Float64}, color::ColorTypes.RGBA{Float32}, strokecolor::ColorTypes.RGBA{Float32}, strokewidth::Float32, word_wrap_width::Int64)
    @ Makie ~/.julia/packages/Makie/WKgwk/src/basic_recipes/text.jl:778
  [6] convert_text_string!(outputs::@NamedTuple{glyphcollections::Vector{Makie.GlyphCollection}, glyphindices::Vector{UInt64}, font_per_char::Vector{FreeTypeAbstraction.FTFont}, glyph_origins::Vector{Point{3, Float32}}, glyph_extents::Vector{Makie.GlyphExtent}, text_blocks::Vector{UnitRange{Int64}}, text_color::Vector{ColorTypes.RGBA{Float32}}, text_rotation::Vector{Quaternionf}, text_scales::Vector{Vec{2, Float32}}, text_strokewidth::Vector{Float32}, text_strokecolor::Vector{ColorTypes.RGBA{Float32}}, linesegments::Vector{Point{3, Float32}}, linewidths::Vector{Float32}, linecolors::Vector{ColorTypes.RGBA{Float32}}, lineindices::Vector{Pair{Int64, Int64}}}, input_text::LaTeXStrings.LaTeXString, i::Int64, N::Int64, fontsize::Float32, font::FreeTypeAbstraction.FTFont, align::Tuple{Symbol, Symbol}, rotation::Quaternion{Float64}, justification::Makie.Automatic, lineheight::Float64, word_wrap_width::Int64, offset::Vec{3, Float32}, fonts::Attributes, color::ColorTypes.RGBA{Float32}, strokecolor::ColorTypes.RGBA{Float32}, strokewidth::Float32)
    @ Makie ~/.julia/packages/Makie/WKgwk/src/basic_recipes/text.jl:249
  [7] (::Makie.var"#2973#2974")(::@NamedTuple{input_text::Vector{LaTeXStrings.LaTeXString}, fontsize::Float32, selected_font::FreeTypeAbstraction.FTFont, align::Tuple{Symbol, Symbol}, rotation::Quaternion{Float64}, justification::Makie.Automatic, lineheight::Float64, word_wrap_width::Int64, offset::Vec{3, Float32}, fonts::Attributes, computed_color::ColorTypes.RGBA{Float32}, strokecolor::ColorTypes.RGBA{Float32}, strokewidth::Float32}, changed::@NamedTuple{input_text::Bool, fontsize::Bool, selected_font::Bool, align::Bool, rotation::Bool, justification::Bool, lineheight::Bool, word_wrap_width::Bool, offset::Bool, fonts::Bool, computed_color::Bool, strokecolor::Bool, strokewidth::Bool}, cached::Nothing)
    @ Makie ~/.julia/packages/Makie/WKgwk/src/basic_recipes/text.jl:344
  [8] ComputePipeline.TypedEdge(edge::ComputePipeline.ComputeEdge{ComputePipeline.ComputeGraph}, f::Makie.var"#2973#2974", inputs::@NamedTuple{input_text::Base.RefValue{Any}, fontsize::Base.RefValue{Float32}, selected_font::Base.RefValue{FreeTypeAbstraction.FTFont}, align::Base.RefValue{Any}, rotation::Base.RefValue{Quaternion{Float64}}, justification::Base.RefValue{Makie.Automatic}, lineheight::Base.RefValue{Float64}, word_wrap_width::Base.RefValue{Int64}, offset::Base.RefValue{Vec{3, Float32}}, fonts::Base.RefValue{Attributes}, computed_color::Base.RefValue{ColorTypes.RGBA{Float32}}, strokecolor::Base.RefValue{ColorTypes.RGBA{Float32}}, strokewidth::Base.RefValue{Float32}})
    @ ComputePipeline ~/.julia/packages/ComputePipeline/E2l50/src/ComputePipeline.jl:126
  [9] #invokelatest#2
    @ ./essentials.jl:1055 [inlined]
 [10] invokelatest
    @ ./essentials.jl:1052 [inlined]
 [11] ComputePipeline.TypedEdge(edge::ComputePipeline.ComputeEdge{ComputePipeline.ComputeGraph})
    @ ComputePipeline ~/.julia/packages/ComputePipeline/E2l50/src/ComputePipeline.jl:120
 [12] (::ComputePipeline.var"#52#54"{ComputePipeline.ComputeEdge{ComputePipeline.ComputeGraph}})()
    @ ComputePipeline ~/.julia/packages/ComputePipeline/E2l50/src/ComputePipeline.jl:670
 [13] lock(f::ComputePipeline.var"#52#54"{ComputePipeline.ComputeEdge{ComputePipeline.ComputeGraph}}, l::ReentrantLock)
    @ Base ./lock.jl:232
 [14] resolve!(edge::ComputePipeline.ComputeEdge{ComputePipeline.ComputeGraph})
    @ ComputePipeline ~/.julia/packages/ComputePipeline/E2l50/src/ComputePipeline.jl:665
 [15] _resolve!(computed::ComputePipeline.Computed)
    @ ComputePipeline ~/.julia/packages/ComputePipeline/E2l50/src/ComputePipeline.jl:658
 [16] foreach
    @ ./abstractarray.jl:3187 [inlined]
 [17] (::ComputePipeline.var"#52#54"{ComputePipeline.ComputeEdge{ComputePipeline.ComputeGraph}})()
    @ ComputePipeline ~/.julia/packages/ComputePipeline/E2l50/src/ComputePipeline.jl:667
 [18] lock(f::ComputePipeline.var"#52#54"{ComputePipeline.ComputeEdge{ComputePipeline.ComputeGraph}}, l::ReentrantLock)
    @ Base ./lock.jl:232
 [19] resolve!(edge::ComputePipeline.ComputeEdge{ComputePipeline.ComputeGraph})
    @ ComputePipeline ~/.julia/packages/ComputePipeline/E2l50/src/ComputePipeline.jl:665
 [20] _resolve!(computed::ComputePipeline.Computed)
    @ ComputePipeline ~/.julia/packages/ComputePipeline/E2l50/src/ComputePipeline.jl:658
 [21] foreach
    @ ./abstractarray.jl:3187 [inlined]
 [22] (::ComputePipeline.var"#52#54"{ComputePipeline.ComputeEdge{ComputePipeline.ComputeGraph}})()
    @ ComputePipeline ~/.julia/packages/ComputePipeline/E2l50/src/ComputePipeline.jl:667
 [23] lock(f::ComputePipeline.var"#52#54"{ComputePipeline.ComputeEdge{ComputePipeline.ComputeGraph}}, l::ReentrantLock)
    @ Base ./lock.jl:232
 [24] resolve!(edge::ComputePipeline.ComputeEdge{ComputePipeline.ComputeGraph})
    @ ComputePipeline ~/.julia/packages/ComputePipeline/E2l50/src/ComputePipeline.jl:665
 [25] _resolve!(computed::ComputePipeline.Computed)
    @ ComputePipeline ~/.julia/packages/ComputePipeline/E2l50/src/ComputePipeline.jl:658
 [26] resolve!(computed::ComputePipeline.Computed)
    @ ComputePipeline ~/.julia/packages/ComputePipeline/E2l50/src/ComputePipeline.jl:650
 [27] getindex
    @ ~/.julia/packages/ComputePipeline/E2l50/src/ComputePipeline.jl:563 [inlined]
 [28] #508
    @ ~/.julia/packages/Makie/WKgwk/src/compute-plots.jl:399 [inlined]
 [29] iterate
    @ ./generator.jl:48 [inlined]
 [30] _collect(c::Vector{Symbol}, itr::Base.Generator{Vector{Symbol}, Makie.var"#508#510"{ComputePipeline.ComputeGraph}}, ::Base.EltypeUnknown, isz::Base.HasShape{1})
    @ Base ./array.jl:811
 [31] collect_similar
    @ ./array.jl:720 [inlined]
 [32] map
    @ ./abstractarray.jl:3371 [inlined]
 [33] _register_expand_arguments!(::Type{LineSegments}, attr::ComputePipeline.ComputeGraph, inputs::Vector{Symbol}, is_merged::Bool)
    @ Makie ~/.julia/packages/Makie/WKgwk/src/compute-plots.jl:399
 [34] _register_expand_arguments!
    @ ~/.julia/packages/Makie/WKgwk/src/compute-plots.jl:395 [inlined]
 [35] register_arguments!
    @ ~/.julia/packages/Makie/WKgwk/src/compute-plots.jl:373 [inlined]
 [36] (LineSegments)(user_args::Tuple{ComputePipeline.Computed}, user_attributes::Dict{Symbol, Any})
    @ Makie ~/.julia/packages/Makie/WKgwk/src/compute-plots.jl:769
 [37] _create_plot!(F::Function, attributes::Dict{Symbol, Any}, scene::Makie.Text{Tuple{Vector{Point{2, Float64}}}}, args::ComputePipeline.Computed)
    @ Makie ~/.julia/packages/Makie/WKgwk/src/figureplotting.jl:552
 [38] linesegments!(::Makie.Text{Tuple{Vector{Point{2, Float64}}}}, ::Vararg{Any}; kw::@Kwargs{linewidth::ComputePipeline.Computed, color::ComputePipeline.Computed, space::ComputePipeline.Computed})
    @ Makie ~/.julia/packages/Makie/WKgwk/src/recipes.jl:550
 [39] tex_linesegments!(plot::Makie.Text{Tuple{Vector{Point{2, Float64}}}})
    @ Makie ~/.julia/packages/Makie/WKgwk/src/basic_recipes/text.jl:443
 [40] calculated_attributes!
    @ ~/.julia/packages/Makie/WKgwk/src/basic_recipes/text.jl:422 [inlined]
 [41] connect_plot!(parent::Scene, plot::Makie.Text{Tuple{Vector{Point{2, Float64}}}})
    @ Makie ~/.julia/packages/Makie/WKgwk/src/compute-plots.jl:841
 [42] plot!
    @ ~/.julia/packages/Makie/WKgwk/src/interfaces.jl:211 [inlined]
 [43] plot!(ax::Axis, plot::Makie.Text{Tuple{Vector{Point{2, Float64}}}})
    @ Makie ~/.julia/packages/Makie/WKgwk/src/figureplotting.jl:573
 [44] _create_plot!(::Function, ::Dict{Symbol, Any}, ::Axis, ::Float64, ::Vararg{Float64})
    @ Makie ~/.julia/packages/Makie/WKgwk/src/figureplotting.jl:543
 [45] text!(::Axis, ::Vararg{Any}; kw::@Kwargs{text::LaTeXStrings.LaTeXString, color::ColorTypes.RGB{Float32}, fontsize::Int64})
    @ Makie ~/.julia/packages/Makie/WKgwk/src/recipes.jl:550
 [46] top-level scope
    @ ~/-space/jl/physics_discovery/animations/s05_kernel_invariant.jl:52
 [47] include(fname::String)
    @ Main ./sysimg.jl:38
 [48] top-level scope
    @ ~/-space/jl/physics_discovery/animations/run_all.jl:24
in expression starting at /Users/parthbhargava/-space/jl/physics_discovery/animations/s05_kernel_invariant.jl:52
in expression starting at /Users/parthbhargava/-space/jl/physics_discovery/animations/run_all.jl:21

─── s01_motivation.jl ───
✓  s01_motivation.mp4

─── s02_sindy_library.jl ───
✓  s02_sindy_library.mp4

─── s03_sindy_reconstruction.jl ───
✓  s03_sindy_reconstruction.mp4

─── s04_conservation_phase.jl ───
✓  s04_conservation_phase.mp4

─── s05_kernel_invariant.jl ───
Running kernel conservation law discovery ...
Sweeping γ ...
